[Licensing::Module] Trying to connect to existing licensing client channel...
Built from '6000.3/staging' branch; Version is '6000.3.8f1 (1c7db571dde0) revision 1867189'; Using compiler version '194234433'; Build Type 'Release'
OS: 'Windows 11  (10.0.26200) Core' Language: 'en' Physical Memory: 31878 MB
BatchMode: 1, IsHumanControllingUs: 0, StartBugReporterOnCrash: 0, Is64bit: 1
System  architecture: x64
Process architecture: x64
[Licensing::IpcConnector] Successfully connected to: "LicenseClient-umair" at "2026-07-27T05:13:02.2973561Z"
Date: 2026-07-27T05:13:02Z

COMMAND LINE ARGUMENTS:
C:\Program Files\Unity\Hub\Editor\6000.3.8f1\Editor\Unity.exe
-batchmode
-nographics
-quit
-projectPath
D:\Unity\Learn\PackageCreator
-executeMethod
THEBADDEST.MonetizationApi.Dev.IconDownloaderWindow.ExportProfileIconsBatch
-logFile
D:\Unity\Learn\PackageCreator\Assets\Monetization\Editor\Icons\export_icons.log
Successfully changed project path to: D:\Unity\Learn\PackageCreator
D:/Unity/Learn/PackageCreator
Exiting without the bug reporter. Application will terminate with return code 1